// Vitest Snapshot v1

exports[`componentul e vizibil > componentul e pregatit 1`] = `
"<div>
  <h1 class=\\"text-red-500\\">Home Page</h1>
</div>"
`;
